// Jest Snapshot v1, https://goo.gl/fbAQLP

exports[`Card component matches snapshot 1`] = `
<DocumentFragment>
  <div
    class="col-4 custom-card"
  >
    <h4
      class="p-muted-heading"
    >
      People and culture
    </h4>
    <hr
      class="dotted-hr"
    />
    <div
      class="illustration"
    >
      <img
        alt="Post title illustration"
        src="https://assets.ubuntu.com/v1/2eec3fd9-logo.svg"
      />
    </div>
    <a
      class="fill-space-v"
      href="https://canonical.com/"
      rel="noopener noreferrer"
      target="_blank"
    >
      <h3>
        Post title
      </h3>
    </a>
    <p
      class="p-heading--6"
    >
      By 
      <a
        href="https://canonical.com/billy-bob"
        rel="noopener noreferrer"
        target="_blank"
      >
        Billy Bob
      </a>
       on 24 August 2020
    </p>
    <hr
      class="dotted-hr"
    />
    <p
      class="u-no-margin--bottom"
    >
      Articles
    </p>
  </div>
</DocumentFragment>
`;
